{
  "version": "1.5.0",
  "plugins_used": [
    {
      "name": "ArtifactoryDetector"
    },
    {
      "name": "AWSKeyDetector"
    },
    {
      "name": "AzureStorageKeyDetector"
    },
    {
      "name": "Base64HighEntropyString",
      "limit": 4.5
    },
    {
      "name": "BasicAuthDetector"
    },
    {
      "name": "CloudantDetector"
    },
    {
      "name": "DiscordBotTokenDetector"
    },
    {
      "name": "GitHubTokenDetector"
    },
    {
      "name": "GitLabTokenDetector"
    },
    {
      "name": "HexHighEntropyString",
      "limit": 3.0
    },
    {
      "name": "IbmCloudIamDetector"
    },
    {
      "name": "IbmCosHmacDetector"
    },
    {
      "name": "IPPublicDetector"
    },
    {
      "name": "JwtTokenDetector"
    },
    {
      "name": "KeywordDetector",
      "keyword_exclude": ""
    },
    {
      "name": "MailchimpDetector"
    },
    {
      "name": "NpmDetector"
    },
    {
      "name": "OpenAIDetector"
    },
    {
      "name": "PrivateKeyDetector"
    },
    {
      "name": "PypiTokenDetector"
    },
    {
      "name": "SendGridDetector"
    },
    {
      "name": "SlackDetector"
    },
    {
      "name": "SoftlayerDetector"
    },
    {
      "name": "SquareOAuthDetector"
    },
    {
      "name": "StripeDetector"
    },
    {
      "name": "TelegramBotTokenDetector"
    },
    {
      "name": "TwilioKeyDetector"
    }
  ],
  "filters_used": [
    {
      "path": "detect_secrets.filters.allowlist.is_line_allowlisted"
    },
    {
      "path": "detect_secrets.filters.common.is_ignored_due_to_verification_policies",
      "min_level": 2
    },
    {
      "path": "detect_secrets.filters.heuristic.is_indirect_reference"
    },
    {
      "path": "detect_secrets.filters.heuristic.is_likely_id_string"
    },
    {
      "path": "detect_secrets.filters.heuristic.is_lock_file"
    },
    {
      "path": "detect_secrets.filters.heuristic.is_not_alphanumeric_string"
    },
    {
      "path": "detect_secrets.filters.heuristic.is_potential_uuid"
    },
    {
      "path": "detect_secrets.filters.heuristic.is_prefixed_with_dollar_sign"
    },
    {
      "path": "detect_secrets.filters.heuristic.is_sequential_string"
    },
    {
      "path": "detect_secrets.filters.heuristic.is_swagger_file"
    },
    {
      "path": "detect_secrets.filters.heuristic.is_templated_secret"
    }
  ],
  "results": {
    "CLAUDE.md": [
      {
        "type": "Secret Keyword",
        "filename": "CLAUDE.md",
        "hashed_secret": "45d676e7c6ab44cf4b8fa366ef2d8fccd3e6d6e6",
        "is_verified": false,
        "line_number": 165
      }
    ],
    "RESILIENCE_GUIDE.md": [
      {
        "type": "Secret Keyword",
        "filename": "RESILIENCE_GUIDE.md",
        "hashed_secret": "11fa7c37d697f30e6aee828b4426a10f83ab2380",
        "is_verified": false,
        "line_number": 72
      },
      {
        "type": "Secret Keyword",
        "filename": "RESILIENCE_GUIDE.md",
        "hashed_secret": "724fc7d1f760995015ee1047469166f685d1be73",
        "is_verified": false,
        "line_number": 73
      },
      {
        "type": "Secret Keyword",
        "filename": "RESILIENCE_GUIDE.md",
        "hashed_secret": "5baa61e4c9b93f3f0682250b6cf8331b7ee68fd8",
        "is_verified": false,
        "line_number": 134
      }
    ],
    "SETUP_GUIDE.md": [
      {
        "type": "Secret Keyword",
        "filename": "SETUP_GUIDE.md",
        "hashed_secret": "45d676e7c6ab44cf4b8fa366ef2d8fccd3e6d6e6",
        "is_verified": false,
        "line_number": 194
      }
    ],
    "TESTING.md": [
      {
        "type": "Secret Keyword",
        "filename": "TESTING.md",
        "hashed_secret": "a94a8fe5ccb19ba61c4c0873d391e987982fbbd3",
        "is_verified": false,
        "line_number": 191
      }
    ],
    "idrac-mcp/README.md": [
      {
        "type": "Secret Keyword",
        "filename": "idrac-mcp/README.md",
        "hashed_secret": "65cf8cd353cae2b48a8480cc49cd2e7dabb1bbb3",
        "is_verified": false,
        "line_number": 26
      }
    ],
    "idrac-mcp/SECURITY.md": [
      {
        "type": "Secret Keyword",
        "filename": "idrac-mcp/SECURITY.md",
        "hashed_secret": "65cf8cd353cae2b48a8480cc49cd2e7dabb1bbb3",
        "is_verified": false,
        "line_number": 22
      },
      {
        "type": "Secret Keyword",
        "filename": "idrac-mcp/SECURITY.md",
        "hashed_secret": "69246a3b05fa27c25da0aa2176b1132692b490e2",
        "is_verified": false,
        "line_number": 84
      }
    ],
    "idrac-mcp/SECURITY_FIX_SUMMARY.md": [
      {
        "type": "Secret Keyword",
        "filename": "idrac-mcp/SECURITY_FIX_SUMMARY.md",
        "hashed_secret": "c35bdb821a941808a150db95d0f934f449bbff17",
        "is_verified": false,
        "line_number": 95
      }
    ],
    "idrac-mcp/config.example.json": [
      {
        "type": "Secret Keyword",
        "filename": "idrac-mcp/config.example.json",
        "hashed_secret": "65cf8cd353cae2b48a8480cc49cd2e7dabb1bbb3",
        "is_verified": false,
        "line_number": 9
      }
    ],
    "idrac-mcp/src/cli.py": [
      {
        "type": "Secret Keyword",
        "filename": "idrac-mcp/src/cli.py",
        "hashed_secret": "45d676e7c6ab44cf4b8fa366ef2d8fccd3e6d6e6",
        "is_verified": false,
        "line_number": 264
      },
      {
        "type": "Secret Keyword",
        "filename": "idrac-mcp/src/cli.py",
        "hashed_secret": "33f220dd67f717cc949db63e21c90e130a6137da",
        "is_verified": false,
        "line_number": 265
      }
    ],
    "idrac-mcp/src/multi_server_manager.py": [
      {
        "type": "Secret Keyword",
        "filename": "idrac-mcp/src/multi_server_manager.py",
        "hashed_secret": "45d676e7c6ab44cf4b8fa366ef2d8fccd3e6d6e6",
        "is_verified": false,
        "line_number": 293
      }
    ],
    "idrac-mcp/tests/conftest.py": [
      {
        "type": "Secret Keyword",
        "filename": "idrac-mcp/tests/conftest.py",
        "hashed_secret": "8bb6118f8fd6935ad0876a3be34a717d32708ffd",
        "is_verified": false,
        "line_number": 15
      },
      {
        "type": "Secret Keyword",
        "filename": "idrac-mcp/tests/conftest.py",
        "hashed_secret": "e38ad214943daad1d64c102faec29de4afe9da3d",
        "is_verified": false,
        "line_number": 30
      },
      {
        "type": "Secret Keyword",
        "filename": "idrac-mcp/tests/conftest.py",
        "hashed_secret": "2aa60a8ff7fcd473d321e0146afd9e26df395147",
        "is_verified": false,
        "line_number": 38
      },
      {
        "type": "Secret Keyword",
        "filename": "idrac-mcp/tests/conftest.py",
        "hashed_secret": "44cdfc3615970ada14420caaaa5c5745fca06002",
        "is_verified": false,
        "line_number": 80
      }
    ],
    "idrac-mcp/tests/test_basic.py": [
      {
        "type": "Secret Keyword",
        "filename": "idrac-mcp/tests/test_basic.py",
        "hashed_secret": "5baa61e4c9b93f3f0682250b6cf8331b7ee68fd8",
        "is_verified": false,
        "line_number": 22
      },
      {
        "type": "Secret Keyword",
        "filename": "idrac-mcp/tests/test_basic.py",
        "hashed_secret": "d4e0e04792fd434b5dc9c4155c178f66edcf4ed3",
        "is_verified": false,
        "line_number": 50
      },
      {
        "type": "Secret Keyword",
        "filename": "idrac-mcp/tests/test_basic.py",
        "hashed_secret": "789cbe0407840b1c2041cb33452ff60f19bf58cc",
        "is_verified": false,
        "line_number": 53
      },
      {
        "type": "Secret Keyword",
        "filename": "idrac-mcp/tests/test_basic.py",
        "hashed_secret": "44cdfc3615970ada14420caaaa5c5745fca06002",
        "is_verified": false,
        "line_number": 143
      }
    ],
    "idrac-mcp/tests/test_config_loading.py": [
      {
        "type": "Secret Keyword",
        "filename": "idrac-mcp/tests/test_config_loading.py",
        "hashed_secret": "5baa61e4c9b93f3f0682250b6cf8331b7ee68fd8",
        "is_verified": false,
        "line_number": 63
      }
    ],
    "idrac-mcp/tests/test_config_validators.py": [
      {
        "type": "Secret Keyword",
        "filename": "idrac-mcp/tests/test_config_validators.py",
        "hashed_secret": "cbfdac6008f9cab4083784cbd1874f76618d2a97",
        "is_verified": false,
        "line_number": 24
      },
      {
        "type": "Secret Keyword",
        "filename": "idrac-mcp/tests/test_config_validators.py",
        "hashed_secret": "a0f4ea7d91495df92bbac2e2149dfb850fe81396",
        "is_verified": false,
        "line_number": 228
      }
    ],
    "idrac-mcp/tests/test_debug_redaction.py": [
      {
        "type": "Secret Keyword",
        "filename": "idrac-mcp/tests/test_debug_redaction.py",
        "hashed_secret": "1c58bd92003bbaa0538e249fff6ee19a270dec5f",
        "is_verified": false,
        "line_number": 34
      },
      {
        "type": "Secret Keyword",
        "filename": "idrac-mcp/tests/test_debug_redaction.py",
        "hashed_secret": "f1f8581726b2e68500e852620479c09ac05ed280",
        "is_verified": false,
        "line_number": 61
      },
      {
        "type": "Secret Keyword",
        "filename": "idrac-mcp/tests/test_debug_redaction.py",
        "hashed_secret": "aafdc23870ecbcd3d557b6423a8982134e17927e",
        "is_verified": false,
        "line_number": 82
      },
      {
        "type": "Secret Keyword",
        "filename": "idrac-mcp/tests/test_debug_redaction.py",
        "hashed_secret": "94461e137fdb16ebf324bb9d71b0898789c31541",
        "is_verified": false,
        "line_number": 232
      },
      {
        "type": "Secret Keyword",
        "filename": "idrac-mcp/tests/test_debug_redaction.py",
        "hashed_secret": "9d4e1e23bd5b727046a9e3b4b7db57bd8d6ee684",
        "is_verified": false,
        "line_number": 285
      }
    ],
    "idrac-mcp/tests/test_multi_server.py": [
      {
        "type": "Secret Keyword",
        "filename": "idrac-mcp/tests/test_multi_server.py",
        "hashed_secret": "44cdfc3615970ada14420caaaa5c5745fca06002",
        "is_verified": false,
        "line_number": 91
      }
    ],
    "idrac-mcp/tests/test_secure_encryption.py": [
      {
        "type": "Secret Keyword",
        "filename": "idrac-mcp/tests/test_secure_encryption.py",
        "hashed_secret": "5a0aee0f3af308cd6d74d617fde6592c2bc94fa3",
        "is_verified": false,
        "line_number": 28
      },
      {
        "type": "Secret Keyword",
        "filename": "idrac-mcp/tests/test_secure_encryption.py",
        "hashed_secret": "b5bc013af872265e389b3abee36dd4932a206ab8",
        "is_verified": false,
        "line_number": 47
      },
      {
        "type": "Secret Keyword",
        "filename": "idrac-mcp/tests/test_secure_encryption.py",
        "hashed_secret": "e8662cfb96bd9c7fe84c31d76819ec3a92c80e63",
        "is_verified": false,
        "line_number": 55
      },
      {
        "type": "Secret Keyword",
        "filename": "idrac-mcp/tests/test_secure_encryption.py",
        "hashed_secret": "9fb7fe1217aed442b04c0f5e43b5d5a7d3287097",
        "is_verified": false,
        "line_number": 71
      },
      {
        "type": "Secret Keyword",
        "filename": "idrac-mcp/tests/test_secure_encryption.py",
        "hashed_secret": "dee81e7c5c34ddc8bc53cef591410d3db6dacd46",
        "is_verified": false,
        "line_number": 145
      },
      {
        "type": "Secret Keyword",
        "filename": "idrac-mcp/tests/test_secure_encryption.py",
        "hashed_secret": "981b955e3a2043028b9534120e1b3ceee16d09d6",
        "is_verified": false,
        "line_number": 199
      },
      {
        "type": "Secret Keyword",
        "filename": "idrac-mcp/tests/test_secure_encryption.py",
        "hashed_secret": "cbfdac6008f9cab4083784cbd1874f76618d2a97",
        "is_verified": false,
        "line_number": 224
      },
      {
        "type": "Secret Keyword",
        "filename": "idrac-mcp/tests/test_secure_encryption.py",
        "hashed_secret": "0c6f6845bb8c62b778e9147c272ac4b5bdb9ae71",
        "is_verified": false,
        "line_number": 225
      },
      {
        "type": "Secret Keyword",
        "filename": "idrac-mcp/tests/test_secure_encryption.py",
        "hashed_secret": "e38ad214943daad1d64c102faec29de4afe9da3d",
        "is_verified": false,
        "line_number": 255
      },
      {
        "type": "Secret Keyword",
        "filename": "idrac-mcp/tests/test_secure_encryption.py",
        "hashed_secret": "2aa60a8ff7fcd473d321e0146afd9e26df395147",
        "is_verified": false,
        "line_number": 262
      }
    ],
    "idrac-mcp/working_mcp_server.py": [
      {
        "type": "Secret Keyword",
        "filename": "idrac-mcp/working_mcp_server.py",
        "hashed_secret": "65cf8cd353cae2b48a8480cc49cd2e7dabb1bbb3",
        "is_verified": false,
        "line_number": 62
      }
    ],
    "pfsense-mcp/README.md": [
      {
        "type": "Secret Keyword",
        "filename": "pfsense-mcp/README.md",
        "hashed_secret": "aecdccc1cf64595b34e0cc152d238daabb32183a",
        "is_verified": false,
        "line_number": 252
      }
    ],
    "pfsense-mcp/examples/config.json.example": [
      {
        "type": "Secret Keyword",
        "filename": "pfsense-mcp/examples/config.json.example",
        "hashed_secret": "aecdccc1cf64595b34e0cc152d238daabb32183a",
        "is_verified": false,
        "line_number": 11
      }
    ],
    "pfsense-mcp/src/utils/validation.py": [
      {
        "type": "Secret Keyword",
        "filename": "pfsense-mcp/src/utils/validation.py",
        "hashed_secret": "665b1e3851eefefa3fb878654292f16597d25155",
        "is_verified": false,
        "line_number": 381
      }
    ],
    "pfsense-mcp/tests/conftest.py": [
      {
        "type": "Secret Keyword",
        "filename": "pfsense-mcp/tests/conftest.py",
        "hashed_secret": "2e7a7ee14caebf378fc32d6cf6f557f347c96773",
        "is_verified": false,
        "line_number": 13
      },
      {
        "type": "Secret Keyword",
        "filename": "pfsense-mcp/tests/conftest.py",
        "hashed_secret": "a87f9333006529bf0bbf8f5e2787b6c3ca9d5134",
        "is_verified": false,
        "line_number": 14
      }
    ],
    "pfsense-mcp/tests/test_auth_context_manager.py": [
      {
        "type": "Secret Keyword",
        "filename": "pfsense-mcp/tests/test_auth_context_manager.py",
        "hashed_secret": "2e7a7ee14caebf378fc32d6cf6f557f347c96773",
        "is_verified": false,
        "line_number": 30
      }
    ],
    "pfsense-mcp/tests/test_jwt_refresh.py": [
      {
        "type": "Secret Keyword",
        "filename": "pfsense-mcp/tests/test_jwt_refresh.py",
        "hashed_secret": "5baa61e4c9b93f3f0682250b6cf8331b7ee68fd8",
        "is_verified": false,
        "line_number": 27
      },
      {
        "type": "Secret Keyword",
        "filename": "pfsense-mcp/tests/test_jwt_refresh.py",
        "hashed_secret": "2e7a7ee14caebf378fc32d6cf6f557f347c96773",
        "is_verified": false,
        "line_number": 38
      }
    ],
    "pfsense-mcp/tests/test_url_injection.py": [
      {
        "type": "Secret Keyword",
        "filename": "pfsense-mcp/tests/test_url_injection.py",
        "hashed_secret": "00942f4668670f34c5943cf52c7ef3139fe2b8d6",
        "is_verified": false,
        "line_number": 17
      }
    ],
    "proxmox-mcp/README.md": [
      {
        "type": "Secret Keyword",
        "filename": "proxmox-mcp/README.md",
        "hashed_secret": "45d676e7c6ab44cf4b8fa366ef2d8fccd3e6d6e6",
        "is_verified": false,
        "line_number": 109
      }
    ],
    "proxmox-mcp/SECURITY.md": [
      {
        "type": "Secret Keyword",
        "filename": "proxmox-mcp/SECURITY.md",
        "hashed_secret": "c30c2b661f287c17694f00405ba79dbbb7331205",
        "is_verified": false,
        "line_number": 22
      }
    ],
    "proxmox-mcp/config.example.json": [
      {
        "type": "Secret Keyword",
        "filename": "proxmox-mcp/config.example.json",
        "hashed_secret": "45d676e7c6ab44cf4b8fa366ef2d8fccd3e6d6e6",
        "is_verified": false,
        "line_number": 6
      }
    ],
    "proxmox-mcp/src/cli.py": [
      {
        "type": "Secret Keyword",
        "filename": "proxmox-mcp/src/cli.py",
        "hashed_secret": "45d676e7c6ab44cf4b8fa366ef2d8fccd3e6d6e6",
        "is_verified": false,
        "line_number": 436
      },
      {
        "type": "Secret Keyword",
        "filename": "proxmox-mcp/src/cli.py",
        "hashed_secret": "33f220dd67f717cc949db63e21c90e130a6137da",
        "is_verified": false,
        "line_number": 437
      }
    ],
    "proxmox-mcp/src/proxmox_client.py": [
      {
        "type": "Secret Keyword",
        "filename": "proxmox-mcp/src/proxmox_client.py",
        "hashed_secret": "e5e9fa1ba31ecd1ae84f75caaa474f3a663f05f4",
        "is_verified": false,
        "line_number": 13
      }
    ],
    "proxmox-mcp/tests/conftest.py": [
      {
        "type": "Secret Keyword",
        "filename": "proxmox-mcp/tests/conftest.py",
        "hashed_secret": "8bb6118f8fd6935ad0876a3be34a717d32708ffd",
        "is_verified": false,
        "line_number": 15
      }
    ],
    "proxmox-mcp/tests/test_basic.py": [
      {
        "type": "Secret Keyword",
        "filename": "proxmox-mcp/tests/test_basic.py",
        "hashed_secret": "8bb6118f8fd6935ad0876a3be34a717d32708ffd",
        "is_verified": false,
        "line_number": 34
      }
    ],
    "truenas-mcp/README.md": [
      {
        "type": "Secret Keyword",
        "filename": "truenas-mcp/README.md",
        "hashed_secret": "11fa7c37d697f30e6aee828b4426a10f83ab2380",
        "is_verified": false,
        "line_number": 170
      }
    ],
    "truenas-mcp/examples/basic_usage.py": [
      {
        "type": "Secret Keyword",
        "filename": "truenas-mcp/examples/basic_usage.py",
        "hashed_secret": "11fa7c37d697f30e6aee828b4426a10f83ab2380",
        "is_verified": false,
        "line_number": 25
      },
      {
        "type": "Secret Keyword",
        "filename": "truenas-mcp/examples/basic_usage.py",
        "hashed_secret": "45d676e7c6ab44cf4b8fa366ef2d8fccd3e6d6e6",
        "is_verified": false,
        "line_number": 152
      }
    ],
    "truenas-mcp/examples/config.json.example": [
      {
        "type": "Secret Keyword",
        "filename": "truenas-mcp/examples/config.json.example",
        "hashed_secret": "aecdccc1cf64595b34e0cc152d238daabb32183a",
        "is_verified": false,
        "line_number": 4
      }
    ],
    "truenas-mcp/tests/test_auth_token_file.py": [
      {
        "type": "Secret Keyword",
        "filename": "truenas-mcp/tests/test_auth_token_file.py",
        "hashed_secret": "3acfb2c2b433c0ea7ff107e33df91b18e52f960f",
        "is_verified": false,
        "line_number": 25
      }
    ],
    "truenas-mcp/tests/test_basic.py": [
      {
        "type": "Secret Keyword",
        "filename": "truenas-mcp/tests/test_basic.py",
        "hashed_secret": "3acfb2c2b433c0ea7ff107e33df91b18e52f960f",
        "is_verified": false,
        "line_number": 21
      },
      {
        "type": "Secret Keyword",
        "filename": "truenas-mcp/tests/test_basic.py",
        "hashed_secret": "da944ba0e0984f05a9bd924db56f8b610335c3b7",
        "is_verified": false,
        "line_number": 23
      },
      {
        "type": "Secret Keyword",
        "filename": "truenas-mcp/tests/test_basic.py",
        "hashed_secret": "9d4e1e23bd5b727046a9e3b4b7db57bd8d6ee684",
        "is_verified": false,
        "line_number": 39
      }
    ],
    "truenas-mcp/tests/test_config_validators.py": [
      {
        "type": "Secret Keyword",
        "filename": "truenas-mcp/tests/test_config_validators.py",
        "hashed_secret": "2e7a7ee14caebf378fc32d6cf6f557f347c96773",
        "is_verified": false,
        "line_number": 22
      },
      {
        "type": "Secret Keyword",
        "filename": "truenas-mcp/tests/test_config_validators.py",
        "hashed_secret": "a94a8fe5ccb19ba61c4c0873d391e987982fbbd3",
        "is_verified": false,
        "line_number": 37
      },
      {
        "type": "Secret Keyword",
        "filename": "truenas-mcp/tests/test_config_validators.py",
        "hashed_secret": "c1d117818a97e847bdf286aa02d9dc8e8f7148f5",
        "is_verified": false,
        "line_number": 108
      },
      {
        "type": "Secret Keyword",
        "filename": "truenas-mcp/tests/test_config_validators.py",
        "hashed_secret": "a0f4ea7d91495df92bbac2e2149dfb850fe81396",
        "is_verified": false,
        "line_number": 143
      }
    ],
    "truenas-mcp/tests/test_http_server.py": [
      {
        "type": "Secret Keyword",
        "filename": "truenas-mcp/tests/test_http_server.py",
        "hashed_secret": "5699f7e56976d12d630af28b57eecd83c33be49e",
        "is_verified": false,
        "line_number": 9
      },
      {
        "type": "Secret Keyword",
        "filename": "truenas-mcp/tests/test_http_server.py",
        "hashed_secret": "2e7a7ee14caebf378fc32d6cf6f557f347c96773",
        "is_verified": false,
        "line_number": 44
      },
      {
        "type": "Secret Keyword",
        "filename": "truenas-mcp/tests/test_http_server.py",
        "hashed_secret": "81f344a7686a80b4c5293e8fdc0b0160c82c06a8",
        "is_verified": false,
        "line_number": 125
      }
    ],
    "truenas-mcp/tests/test_jwt_auth_methods.py": [
      {
        "type": "Secret Keyword",
        "filename": "truenas-mcp/tests/test_jwt_auth_methods.py",
        "hashed_secret": "19a4d55f26cb700d093f88a74673e357130062fb",
        "is_verified": false,
        "line_number": 19
      },
      {
        "type": "Secret Keyword",
        "filename": "truenas-mcp/tests/test_jwt_auth_methods.py",
        "hashed_secret": "1c58bd92003bbaa0538e249fff6ee19a270dec5f",
        "is_verified": false,
        "line_number": 36
      }
    ],
    "truenas-mcp/tests/test_resources.py": [
      {
        "type": "Secret Keyword",
        "filename": "truenas-mcp/tests/test_resources.py",
        "hashed_secret": "ea0c04513c32717f3a09ff7b1fa882c4d8424b2a",
        "is_verified": false,
        "line_number": 187
      }
    ]
  },
  "generated_at": "2025-11-02T18:35:41Z"
}
